[Mon Nov 06 11:42:37.678188 2023] [php7:notice] [pid 16748] [client 192.168.5.73:61803] PHP Notice:  Undefined variable: DateOfNCBARcvd in /var/www/sites/file-management/Home.php on line 387, referer: http://filemanagement.anp.anpsolicitors.com/index.php?searchBy=FileNumber&valToSearch=MOL
[Mon Nov 06 11:43:01.663393 2023] [php7:notice] [pid 25377] [client 192.168.5.73:61826] PHP Notice:  Undefined index: PersonForNextWork in /var/www/sites/file-management/EditPage.php on line 921, referer: http://filemanagement.anp.anpsolicitors.com/Home.php?filenumber=MOL0020001
[Mon Nov 06 11:43:01.663553 2023] [php7:warn] [pid 25377] [client 192.168.5.73:61826] PHP Warning:  Invalid argument supplied for foreach() in /var/www/sites/file-management/EditPage.php on line 984, referer: http://filemanagement.anp.anpsolicitors.com/Home.php?filenumber=MOL0020001
[Mon Nov 06 11:43:44.489236 2023] [php7:notice] [pid 25236] [client 192.168.5.73:61842] PHP Notice:  Undefined index: PersonForNextWork in /var/www/sites/file-management/EditPage.php on line 921, referer: http://filemanagement.anp.anpsolicitors.com/Home.php?filenumber=MOL0020001
[Mon Nov 06 11:44:22.424382 2023] [php7:notice] [pid 16745] [client 192.168.5.73:61852] PHP Notice:  Undefined variable: DateOfNCBARcvd in /var/www/sites/file-management/Home.php on line 387, referer: http://filemanagement.anp.anpsolicitors.com/index.php?searchBy=FileNumber&valToSearch=MOL
[Mon Nov 06 11:44:25.408658 2023] [php7:notice] [pid 16745] [client 192.168.5.73:61852] PHP Notice:  Undefined variable: Client2Name in /var/www/sites/file-management/serverCalls/DownloadFrontSheet.php on line 160, referer: http://filemanagement.anp.anpsolicitors.com/Home.php?filenumber=MOL0020001
[Mon Nov 06 11:44:25.408697 2023] [php7:notice] [pid 16745] [client 192.168.5.73:61852] PHP Notice:  Undefined variable: Client2Address in /var/www/sites/file-management/serverCalls/DownloadFrontSheet.php on line 165, referer: http://filemanagement.anp.anpsolicitors.com/Home.php?filenumber=MOL0020001
[Mon Nov 06 11:44:25.408704 2023] [php7:notice] [pid 16745] [client 192.168.5.73:61852] PHP Notice:  Undefined variable: Client2Mobile in /var/www/sites/file-management/serverCalls/DownloadFrontSheet.php on line 170, referer: http://filemanagement.anp.anpsolicitors.com/Home.php?filenumber=MOL0020001
[Mon Nov 06 11:44:25.408711 2023] [php7:notice] [pid 16745] [client 192.168.5.73:61852] PHP Notice:  Undefined variable: Client2Email in /var/www/sites/file-management/serverCalls/DownloadFrontSheet.php on line 175, referer: http://filemanagement.anp.anpsolicitors.com/Home.php?filenumber=MOL0020001
[Mon Nov 06 11:44:25.408717 2023] [php7:notice] [pid 16745] [client 192.168.5.73:61852] PHP Notice:  Undefined variable: Client2DOB in /var/www/sites/file-management/serverCalls/DownloadFrontSheet.php on line 180, referer: http://filemanagement.anp.anpsolicitors.com/Home.php?filenumber=MOL0020001
[Mon Nov 06 11:44:25.408741 2023] [php7:notice] [pid 16745] [client 192.168.5.73:61852] PHP Notice:  Undefined variable: AP1Name in /var/www/sites/file-management/serverCalls/DownloadFrontSheet.php on line 230, referer: http://filemanagement.anp.anpsolicitors.com/Home.php?filenumber=MOL0020001
[Mon Nov 06 11:44:25.408748 2023] [php7:notice] [pid 16745] [client 192.168.5.73:61852] PHP Notice:  Undefined variable: AP2Name in /var/www/sites/file-management/serverCalls/DownloadFrontSheet.php on line 231, referer: http://filemanagement.anp.anpsolicitors.com/Home.php?filenumber=MOL0020001
[Mon Nov 06 11:44:25.408754 2023] [php7:notice] [pid 16745] [client 192.168.5.73:61852] PHP Notice:  Undefined variable: AP1Address in /var/www/sites/file-management/serverCalls/DownloadFrontSheet.php on line 236, referer: http://filemanagement.anp.anpsolicitors.com/Home.php?filenumber=MOL0020001
[Mon Nov 06 11:44:25.408760 2023] [php7:notice] [pid 16745] [client 192.168.5.73:61852] PHP Notice:  Undefined variable: AP2Address in /var/www/sites/file-management/serverCalls/DownloadFrontSheet.php on line 237, referer: http://filemanagement.anp.anpsolicitors.com/Home.php?filenumber=MOL0020001
[Mon Nov 06 11:44:25.408765 2023] [php7:notice] [pid 16745] [client 192.168.5.73:61852] PHP Notice:  Undefined variable: AP1Email in /var/www/sites/file-management/serverCalls/DownloadFrontSheet.php on line 242, referer: http://filemanagement.anp.anpsolicitors.com/Home.php?filenumber=MOL0020001
[Mon Nov 06 11:44:25.408771 2023] [php7:notice] [pid 16745] [client 192.168.5.73:61852] PHP Notice:  Undefined variable: AP2Email in /var/www/sites/file-management/serverCalls/DownloadFrontSheet.php on line 243, referer: http://filemanagement.anp.anpsolicitors.com/Home.php?filenumber=MOL0020001
[Mon Nov 06 11:44:25.408777 2023] [php7:notice] [pid 16745] [client 192.168.5.73:61852] PHP Notice:  Undefined variable: AP1Mobile in /var/www/sites/file-management/serverCalls/DownloadFrontSheet.php on line 247, referer: http://filemanagement.anp.anpsolicitors.com/Home.php?filenumber=MOL0020001
[Mon Nov 06 11:44:25.408783 2023] [php7:notice] [pid 16745] [client 192.168.5.73:61852] PHP Notice:  Undefined variable: AP2Mobile in /var/www/sites/file-management/serverCalls/DownloadFrontSheet.php on line 248, referer: http://filemanagement.anp.anpsolicitors.com/Home.php?filenumber=MOL0020001
[Mon Nov 06 11:44:25.408789 2023] [php7:notice] [pid 16745] [client 192.168.5.73:61852] PHP Notice:  Undefined variable: AP1IDCheck in /var/www/sites/file-management/serverCalls/DownloadFrontSheet.php on line 252, referer: http://filemanagement.anp.anpsolicitors.com/Home.php?filenumber=MOL0020001
[Mon Nov 06 11:44:25.408794 2023] [php7:notice] [pid 16745] [client 192.168.5.73:61852] PHP Notice:  Undefined variable: AP2IDCheck in /var/www/sites/file-management/serverCalls/DownloadFrontSheet.php on line 253, referer: http://filemanagement.anp.anpsolicitors.com/Home.php?filenumber=MOL0020001
[Mon Nov 06 11:44:25.408800 2023] [php7:notice] [pid 16745] [client 192.168.5.73:61852] PHP Notice:  Undefined variable: AP1Relationship in /var/www/sites/file-management/serverCalls/DownloadFrontSheet.php on line 257, referer: http://filemanagement.anp.anpsolicitors.com/Home.php?filenumber=MOL0020001
[Mon Nov 06 11:44:25.408806 2023] [php7:notice] [pid 16745] [client 192.168.5.73:61852] PHP Notice:  Undefined variable: AP2Relationship in /var/www/sites/file-management/serverCalls/DownloadFrontSheet.php on line 258, referer: http://filemanagement.anp.anpsolicitors.com/Home.php?filenumber=MOL0020001
[Mon Nov 06 11:44:25.408812 2023] [php7:notice] [pid 16745] [client 192.168.5.73:61852] PHP Notice:  Undefined variable: OSName in /var/www/sites/file-management/serverCalls/DownloadFrontSheet.php on line 269, referer: http://filemanagement.anp.anpsolicitors.com/Home.php?filenumber=MOL0020001
[Mon Nov 06 11:44:25.408818 2023] [php7:notice] [pid 16745] [client 192.168.5.73:61852] PHP Notice:  Undefined variable: OSAddress in /var/www/sites/file-management/serverCalls/DownloadFrontSheet.php on line 274, referer: http://filemanagement.anp.anpsolicitors.com/Home.php?filenumber=MOL0020001
[Mon Nov 06 11:44:25.408827 2023] [php7:notice] [pid 16745] [client 192.168.5.73:61852] PHP Notice:  Undefined variable: OSContactNumber in /var/www/sites/file-management/serverCalls/DownloadFrontSheet.php on line 279, referer: http://filemanagement.anp.anpsolicitors.com/Home.php?filenumber=MOL0020001
[Mon Nov 06 11:44:25.408833 2023] [php7:notice] [pid 16745] [client 192.168.5.73:61852] PHP Notice:  Undefined variable: OSEmail in /var/www/sites/file-management/serverCalls/DownloadFrontSheet.php on line 284, referer: http://filemanagement.anp.anpsolicitors.com/Home.php?filenumber=MOL0020001
[Mon Nov 06 11:44:25.408839 2023] [php7:notice] [pid 16745] [client 192.168.5.73:61852] PHP Notice:  Undefined variable: OSSolicitors in /var/www/sites/file-management/serverCalls/DownloadFrontSheet.php on line 290, referer: http://filemanagement.anp.anpsolicitors.com/Home.php?filenumber=MOL0020001
[Mon Nov 06 11:44:25.408845 2023] [php7:notice] [pid 16745] [client 192.168.5.73:61852] PHP Notice:  Undefined variable: OSSolEmail in /var/www/sites/file-management/serverCalls/DownloadFrontSheet.php on line 294, referer: http://filemanagement.anp.anpsolicitors.com/Home.php?filenumber=MOL0020001
[Mon Nov 06 11:44:29.046691 2023] [php7:notice] [pid 25237] [client 192.168.5.73:61857] PHP Notice:  Undefined index: PersonForNextWork in /var/www/sites/file-management/EditPage.php on line 921, referer: http://filemanagement.anp.anpsolicitors.com/Home.php?filenumber=MOL0020001
[Mon Nov 06 11:54:26.221004 2023] [php7:notice] [pid 16747] [client 192.168.5.117:53107] PHP Notice:  Undefined variable: DateOfNCBARcvd in /var/www/sites/file-management/Home.php on line 387, referer: http://filemanagement.anp.anpsolicitors.com/index.php?searchBy=FileNumber&valToSearch=mol
[Mon Nov 06 11:54:27.937968 2023] [php7:notice] [pid 16747] [client 192.168.5.117:53107] PHP Notice:  Undefined index: PersonForNextWork in /var/www/sites/file-management/EditPage.php on line 921, referer: http://filemanagement.anp.anpsolicitors.com/Home.php?filenumber=MOL0020001
[Mon Nov 06 11:55:09.516958 2023] [php7:notice] [pid 25240] [client 192.168.5.117:53128] PHP Notice:  Undefined index: PersonForNextWork in /var/www/sites/file-management/EditPage.php on line 921, referer: http://filemanagement.anp.anpsolicitors.com/Home.php?filenumber=MOL0020001
[Mon Nov 06 11:55:50.319770 2023] [php7:warn] [pid 25377] [client 192.168.5.105:61300] PHP Warning:  Cannot modify header information - headers already sent by (output started at /var/www/sites/file-management/vendor/dompdf/dompdf/src/Adapter/CPDF.php:922) in /var/www/sites/file-management/serverCalls/PrintReport.php on line 76, referer: http://filemanagement.anp.anpsolicitors.com/index.php?searchBy=FeeEarner&valToSearch=jp
[Mon Nov 06 12:09:36.389154 2023] [php7:warn] [pid 25237] [client 192.168.5.128:57057] PHP Warning:  Invalid argument supplied for foreach() in /var/www/sites/file-management/Home.php on line 145, referer: http://filemanagement.anp.anpsolicitors.com/index.php?searchBy=FeeEarner&valToSearch=ND
[Mon Nov 06 12:09:36.389274 2023] [php7:notice] [pid 25237] [client 192.168.5.128:57057] PHP Notice:  Undefined variable: DateOfNCBARcvd in /var/www/sites/file-management/Home.php on line 387, referer: http://filemanagement.anp.anpsolicitors.com/index.php?searchBy=FeeEarner&valToSearch=ND
[Mon Nov 06 12:21:41.444995 2023] [php7:warn] [pid 25236] [client 192.168.5.105:61749] PHP Warning:  Invalid argument supplied for foreach() in /var/www/sites/file-management/Home.php on line 145, referer: http://filemanagement.anp.anpsolicitors.com/index.php?searchBy=FileNumber&valToSearch=tan
[Mon Nov 06 12:21:41.445090 2023] [php7:notice] [pid 25236] [client 192.168.5.105:61749] PHP Notice:  Undefined variable: DateOfNCBARcvd in /var/www/sites/file-management/Home.php on line 387, referer: http://filemanagement.anp.anpsolicitors.com/index.php?searchBy=FileNumber&valToSearch=tan
[Mon Nov 06 12:21:45.372686 2023] [php7:notice] [pid 25236] [client 192.168.5.105:61749] PHP Notice:  Undefined index: PersonForNextWork in /var/www/sites/file-management/EditPage.php on line 921, referer: http://filemanagement.anp.anpsolicitors.com/Home.php?filenumber=TAN0020001
[Mon Nov 06 12:21:45.372846 2023] [php7:warn] [pid 25236] [client 192.168.5.105:61749] PHP Warning:  Invalid argument supplied for foreach() in /var/www/sites/file-management/EditPage.php on line 984, referer: http://filemanagement.anp.anpsolicitors.com/Home.php?filenumber=TAN0020001
[Mon Nov 06 12:30:37.454743 2023] [php7:warn] [pid 25240] [client 192.168.5.117:53982] PHP Warning:  Invalid argument supplied for foreach() in /var/www/sites/file-management/Home.php on line 145, referer: http://filemanagement.anp.anpsolicitors.com/index.php?searchBy=FileNumber&valToSearch=arn
[Mon Nov 06 12:30:37.454839 2023] [php7:notice] [pid 25240] [client 192.168.5.117:53982] PHP Notice:  Undefined variable: DateOfNCBARcvd in /var/www/sites/file-management/Home.php on line 387, referer: http://filemanagement.anp.anpsolicitors.com/index.php?searchBy=FileNumber&valToSearch=arn
[Mon Nov 06 12:30:39.029605 2023] [php7:warn] [pid 25240] [client 192.168.5.117:53982] PHP Warning:  Cannot modify header information - headers already sent by (output started at /var/www/sites/file-management/serverCalls/ScheduleOfWork.php:77) in /var/www/sites/file-management/serverCalls/ScheduleOfWork.php on line 249, referer: http://filemanagement.anp.anpsolicitors.com/Home.php?filenumber=ARN0040001
[Mon Nov 06 12:30:39.029630 2023] [php7:warn] [pid 25240] [client 192.168.5.117:53982] PHP Warning:  Cannot modify header information - headers already sent by (output started at /var/www/sites/file-management/serverCalls/ScheduleOfWork.php:77) in /var/www/sites/file-management/serverCalls/ScheduleOfWork.php on line 250, referer: http://filemanagement.anp.anpsolicitors.com/Home.php?filenumber=ARN0040001
[Mon Nov 06 12:32:28.857619 2023] [php7:warn] [pid 16747] [client 192.168.5.105:61888] PHP Warning:  Invalid argument supplied for foreach() in /var/www/sites/file-management/Home.php on line 145, referer: http://filemanagement.anp.anpsolicitors.com/index.php?searchBy=FileNumber&valToSearch=har
[Mon Nov 06 12:32:28.857703 2023] [php7:notice] [pid 16747] [client 192.168.5.105:61888] PHP Notice:  Undefined variable: DateOfNCBARcvd in /var/www/sites/file-management/Home.php on line 387, referer: http://filemanagement.anp.anpsolicitors.com/index.php?searchBy=FileNumber&valToSearch=har
[Mon Nov 06 12:32:37.872665 2023] [php7:notice] [pid 25377] [client 192.168.5.105:61899] PHP Notice:  Undefined index: PersonForNextWork in /var/www/sites/file-management/EditPage.php on line 921, referer: http://filemanagement.anp.anpsolicitors.com/Home.php?filenumber=HAR0180003
[Mon Nov 06 12:32:37.872827 2023] [php7:warn] [pid 25377] [client 192.168.5.105:61899] PHP Warning:  Invalid argument supplied for foreach() in /var/www/sites/file-management/EditPage.php on line 984, referer: http://filemanagement.anp.anpsolicitors.com/Home.php?filenumber=HAR0180003
[Mon Nov 06 12:32:46.687347 2023] [php7:notice] [pid 16749] [client 192.168.5.105:61902] PHP Notice:  Undefined variable: DateOfNCBARcvd in /var/www/sites/file-management/Home.php on line 387, referer: http://filemanagement.anp.anpsolicitors.com/EditPage.php?FileNumber=HAR0180003
[Mon Nov 06 12:33:36.239169 2023] [php7:warn] [pid 25240] [client 192.168.5.117:54052] PHP Warning:  Cannot modify header information - headers already sent by (output started at /var/www/sites/file-management/serverCalls/ScheduleOfWork.php:77) in /var/www/sites/file-management/serverCalls/ScheduleOfWork.php on line 249, referer: http://filemanagement.anp.anpsolicitors.com/Home.php?filenumber=ARN0040001
[Mon Nov 06 12:33:36.239200 2023] [php7:warn] [pid 25240] [client 192.168.5.117:54052] PHP Warning:  Cannot modify header information - headers already sent by (output started at /var/www/sites/file-management/serverCalls/ScheduleOfWork.php:77) in /var/www/sites/file-management/serverCalls/ScheduleOfWork.php on line 250, referer: http://filemanagement.anp.anpsolicitors.com/Home.php?filenumber=ARN0040001
[Mon Nov 06 12:33:52.480035 2023] [php7:warn] [pid 25236] [client 192.168.5.117:54053] PHP Warning:  Invalid argument supplied for foreach() in /var/www/sites/file-management/Home.php on line 145, referer: http://filemanagement.anp.anpsolicitors.com/index.php?searchBy=FileNumber&valToSearch=har
[Mon Nov 06 12:33:52.480119 2023] [php7:notice] [pid 25236] [client 192.168.5.117:54053] PHP Notice:  Undefined variable: DateOfNCBARcvd in /var/www/sites/file-management/Home.php on line 387, referer: http://filemanagement.anp.anpsolicitors.com/index.php?searchBy=FileNumber&valToSearch=har
[Mon Nov 06 12:33:53.919393 2023] [php7:warn] [pid 25236] [client 192.168.5.117:54053] PHP Warning:  Cannot modify header information - headers already sent by (output started at /var/www/sites/file-management/serverCalls/ScheduleOfWork.php:77) in /var/www/sites/file-management/serverCalls/ScheduleOfWork.php on line 249, referer: http://filemanagement.anp.anpsolicitors.com/Home.php?filenumber=HAR0180001
[Mon Nov 06 12:33:53.919421 2023] [php7:warn] [pid 25236] [client 192.168.5.117:54053] PHP Warning:  Cannot modify header information - headers already sent by (output started at /var/www/sites/file-management/serverCalls/ScheduleOfWork.php:77) in /var/www/sites/file-management/serverCalls/ScheduleOfWork.php on line 250, referer: http://filemanagement.anp.anpsolicitors.com/Home.php?filenumber=HAR0180001
[Mon Nov 06 12:35:06.576566 2023] [php7:warn] [pid 25377] [client 192.168.5.117:54109] PHP Warning:  Invalid argument supplied for foreach() in /var/www/sites/file-management/Home.php on line 145, referer: http://filemanagement.anp.anpsolicitors.com/index.php?searchBy=FileNumber&valToSearch=arn
[Mon Nov 06 12:35:06.576667 2023] [php7:notice] [pid 25377] [client 192.168.5.117:54109] PHP Notice:  Undefined variable: DateOfNCBARcvd in /var/www/sites/file-management/Home.php on line 387, referer: http://filemanagement.anp.anpsolicitors.com/index.php?searchBy=FileNumber&valToSearch=arn
[Mon Nov 06 12:35:07.434661 2023] [php7:warn] [pid 25377] [client 192.168.5.117:54109] PHP Warning:  Cannot modify header information - headers already sent by (output started at /var/www/sites/file-management/serverCalls/ScheduleOfWork.php:77) in /var/www/sites/file-management/serverCalls/ScheduleOfWork.php on line 249, referer: http://filemanagement.anp.anpsolicitors.com/Home.php?filenumber=ARN0040001
[Mon Nov 06 12:35:07.434688 2023] [php7:warn] [pid 25377] [client 192.168.5.117:54109] PHP Warning:  Cannot modify header information - headers already sent by (output started at /var/www/sites/file-management/serverCalls/ScheduleOfWork.php:77) in /var/www/sites/file-management/serverCalls/ScheduleOfWork.php on line 250, referer: http://filemanagement.anp.anpsolicitors.com/Home.php?filenumber=ARN0040001
[Mon Nov 06 12:35:45.419272 2023] [php7:warn] [pid 16748] [client 192.168.5.20:53227] PHP Warning:  Invalid argument supplied for foreach() in /var/www/sites/file-management/Home.php on line 145, referer: http://filemanagement.anp.anpsolicitors.com/?searchBy=FileNumber&valToSearch=har
[Mon Nov 06 12:35:45.419357 2023] [php7:notice] [pid 16748] [client 192.168.5.20:53227] PHP Notice:  Undefined variable: DateOfNCBARcvd in /var/www/sites/file-management/Home.php on line 387, referer: http://filemanagement.anp.anpsolicitors.com/?searchBy=FileNumber&valToSearch=har
[Mon Nov 06 12:35:47.739236 2023] [php7:warn] [pid 16748] [client 192.168.5.20:53227] PHP Warning:  Cannot modify header information - headers already sent by (output started at /var/www/sites/file-management/serverCalls/ScheduleOfWork.php:77) in /var/www/sites/file-management/serverCalls/ScheduleOfWork.php on line 249, referer: http://filemanagement.anp.anpsolicitors.com/Home.php?filenumber=HAR0180001
[Mon Nov 06 12:35:47.739263 2023] [php7:warn] [pid 16748] [client 192.168.5.20:53227] PHP Warning:  Cannot modify header information - headers already sent by (output started at /var/www/sites/file-management/serverCalls/ScheduleOfWork.php:77) in /var/www/sites/file-management/serverCalls/ScheduleOfWork.php on line 250, referer: http://filemanagement.anp.anpsolicitors.com/Home.php?filenumber=HAR0180001
[Mon Nov 06 12:37:53.981856 2023] [php7:warn] [pid 16745] [client 192.168.5.20:53237] PHP Warning:  Cannot modify header information - headers already sent by (output started at /var/www/sites/file-management/serverCalls/ScheduleOfWork.php:77) in /var/www/sites/file-management/serverCalls/ScheduleOfWork.php on line 249, referer: http://filemanagement.anp.anpsolicitors.com/Home.php?filenumber=HAR0180001
[Mon Nov 06 12:37:53.981887 2023] [php7:warn] [pid 16745] [client 192.168.5.20:53237] PHP Warning:  Cannot modify header information - headers already sent by (output started at /var/www/sites/file-management/serverCalls/ScheduleOfWork.php:77) in /var/www/sites/file-management/serverCalls/ScheduleOfWork.php on line 250, referer: http://filemanagement.anp.anpsolicitors.com/Home.php?filenumber=HAR0180001
[Mon Nov 06 12:40:56.032868 2023] [php7:notice] [pid 16744] [client 192.168.5.128:57222] PHP Notice:  Undefined index: DateOfLastAML in /var/www/sites/file-management/serverCalls/OpenFile.php on line 29, referer: http://filemanagement.anp.anpsolicitors.com/OpenFilePage.php
[Mon Nov 06 12:40:56.032894 2023] [php7:notice] [pid 16744] [client 192.168.5.128:57222] PHP Notice:  Undefined index: DateOfLastAML in /var/www/sites/file-management/serverCalls/OpenFile.php on line 29, referer: http://filemanagement.anp.anpsolicitors.com/OpenFilePage.php
[Mon Nov 06 12:41:59.572471 2023] [php7:notice] [pid 25242] [client 192.168.5.105:62090] PHP Notice:  Undefined index: filenumber in /var/www/sites/file-management/Home.php on line 7
[Mon Nov 06 12:42:25.214342 2023] [php7:notice] [pid 16747] [client 192.168.5.105:62103] PHP Notice:  Undefined index: DateOfLastAML in /var/www/sites/file-management/serverCalls/OpenFile.php on line 29, referer: http://filemanagement.anp.anpsolicitors.com/OpenFilePage.php
[Mon Nov 06 12:42:25.214366 2023] [php7:notice] [pid 16747] [client 192.168.5.105:62103] PHP Notice:  Undefined index: DateOfLastAML in /var/www/sites/file-management/serverCalls/OpenFile.php on line 29, referer: http://filemanagement.anp.anpsolicitors.com/OpenFilePage.php
[Mon Nov 06 12:43:49.530098 2023] [php7:notice] [pid 25240] [client 192.168.5.73:63046] PHP Notice:  Undefined variable: DateOfNCBARcvd in /var/www/sites/file-management/Home.php on line 387, referer: http://filemanagement.anp.anpsolicitors.com/index.php?searchBy=FileNumber&valToSearch=MOL
[Mon Nov 06 12:54:22.194857 2023] [php7:notice] [pid 16747] [client 192.168.5.20:53341] PHP Notice:  Undefined variable: DateOfNCBARcvd in /var/www/sites/file-management/Home.php on line 387, referer: http://filemanagement.anp.anpsolicitors.com/OpenFilePage.php
[Mon Nov 06 13:11:09.250481 2023] [php7:warn] [pid 25237] [client 192.168.5.117:54676] PHP Warning:  Invalid argument supplied for foreach() in /var/www/sites/file-management/Home.php on line 145, referer: http://filemanagement.anp.anpsolicitors.com/index.php?searchBy=FileNumber&valToSearch=pea
[Mon Nov 06 13:11:09.250571 2023] [php7:notice] [pid 25237] [client 192.168.5.117:54676] PHP Notice:  Undefined variable: DateOfNCBARcvd in /var/www/sites/file-management/Home.php on line 387, referer: http://filemanagement.anp.anpsolicitors.com/index.php?searchBy=FileNumber&valToSearch=pea
[Mon Nov 06 13:57:03.302654 2023] [php7:warn] [pid 25242] [client 192.168.5.117:55704] PHP Warning:  Invalid argument supplied for foreach() in /var/www/sites/file-management/Home.php on line 145, referer: http://filemanagement.anp.anpsolicitors.com/index.php?searchBy=FileNumber&valToSearch=har
[Mon Nov 06 13:57:03.302740 2023] [php7:notice] [pid 25242] [client 192.168.5.117:55704] PHP Notice:  Undefined variable: DateOfNCBARcvd in /var/www/sites/file-management/Home.php on line 387, referer: http://filemanagement.anp.anpsolicitors.com/index.php?searchBy=FileNumber&valToSearch=har
[Mon Nov 06 14:16:09.115224 2023] [php7:warn] [pid 25242] [client 192.168.5.128:58757] PHP Warning:  Invalid argument supplied for foreach() in /var/www/sites/file-management/Home.php on line 145, referer: http://filemanagement.anp.anpsolicitors.com/index.php?searchBy=FileNumber&valToSearch=dix
[Mon Nov 06 14:16:09.115305 2023] [php7:notice] [pid 25242] [client 192.168.5.128:58757] PHP Notice:  Undefined variable: DateOfNCBARcvd in /var/www/sites/file-management/Home.php on line 387, referer: http://filemanagement.anp.anpsolicitors.com/index.php?searchBy=FileNumber&valToSearch=dix
[Mon Nov 06 14:17:48.324104 2023] [php7:notice] [pid 16748] [client 192.168.5.13:53865] PHP Notice:  Undefined variable: DateOfNCBARcvd in /var/www/sites/file-management/Home.php on line 387, referer: http://filemanagement.anp.anpsolicitors.com/?searchBy=FileNumber&valToSearch=ant
[Mon Nov 06 14:17:52.202092 2023] [php7:notice] [pid 16748] [client 192.168.5.13:53865] PHP Notice:  Undefined variable: Client2Name in /var/www/sites/file-management/serverCalls/DownloadFrontSheet.php on line 160, referer: http://filemanagement.anp.anpsolicitors.com/Home.php?filenumber=ANT0010001
[Mon Nov 06 14:17:52.202131 2023] [php7:notice] [pid 16748] [client 192.168.5.13:53865] PHP Notice:  Undefined variable: Client2Address in /var/www/sites/file-management/serverCalls/DownloadFrontSheet.php on line 165, referer: http://filemanagement.anp.anpsolicitors.com/Home.php?filenumber=ANT0010001
[Mon Nov 06 14:17:52.202138 2023] [php7:notice] [pid 16748] [client 192.168.5.13:53865] PHP Notice:  Undefined variable: Client2Mobile in /var/www/sites/file-management/serverCalls/DownloadFrontSheet.php on line 170, referer: http://filemanagement.anp.anpsolicitors.com/Home.php?filenumber=ANT0010001
[Mon Nov 06 14:17:52.202145 2023] [php7:notice] [pid 16748] [client 192.168.5.13:53865] PHP Notice:  Undefined variable: Client2Email in /var/www/sites/file-management/serverCalls/DownloadFrontSheet.php on line 175, referer: http://filemanagement.anp.anpsolicitors.com/Home.php?filenumber=ANT0010001
[Mon Nov 06 14:17:52.202151 2023] [php7:notice] [pid 16748] [client 192.168.5.13:53865] PHP Notice:  Undefined variable: Client2DOB in /var/www/sites/file-management/serverCalls/DownloadFrontSheet.php on line 180, referer: http://filemanagement.anp.anpsolicitors.com/Home.php?filenumber=ANT0010001
[Mon Nov 06 14:17:52.202160 2023] [php7:notice] [pid 16748] [client 192.168.5.13:53865] PHP Notice:  Undefined variable: AP1Name in /var/www/sites/file-management/serverCalls/DownloadFrontSheet.php on line 230, referer: http://filemanagement.anp.anpsolicitors.com/Home.php?filenumber=ANT0010001
[Mon Nov 06 14:17:52.202166 2023] [php7:notice] [pid 16748] [client 192.168.5.13:53865] PHP Notice:  Undefined variable: AP2Name in /var/www/sites/file-management/serverCalls/DownloadFrontSheet.php on line 231, referer: http://filemanagement.anp.anpsolicitors.com/Home.php?filenumber=ANT0010001
[Mon Nov 06 14:17:52.202172 2023] [php7:notice] [pid 16748] [client 192.168.5.13:53865] PHP Notice:  Undefined variable: AP1Address in /var/www/sites/file-management/serverCalls/DownloadFrontSheet.php on line 236, referer: http://filemanagement.anp.anpsolicitors.com/Home.php?filenumber=ANT0010001
[Mon Nov 06 14:17:52.202178 2023] [php7:notice] [pid 16748] [client 192.168.5.13:53865] PHP Notice:  Undefined variable: AP2Address in /var/www/sites/file-management/serverCalls/DownloadFrontSheet.php on line 237, referer: http://filemanagement.anp.anpsolicitors.com/Home.php?filenumber=ANT0010001
[Mon Nov 06 14:17:52.202183 2023] [php7:notice] [pid 16748] [client 192.168.5.13:53865] PHP Notice:  Undefined variable: AP1Email in /var/www/sites/file-management/serverCalls/DownloadFrontSheet.php on line 242, referer: http://filemanagement.anp.anpsolicitors.com/Home.php?filenumber=ANT0010001
[Mon Nov 06 14:17:52.202189 2023] [php7:notice] [pid 16748] [client 192.168.5.13:53865] PHP Notice:  Undefined variable: AP2Email in /var/www/sites/file-management/serverCalls/DownloadFrontSheet.php on line 243, referer: http://filemanagement.anp.anpsolicitors.com/Home.php?filenumber=ANT0010001
[Mon Nov 06 14:17:52.202211 2023] [php7:notice] [pid 16748] [client 192.168.5.13:53865] PHP Notice:  Undefined variable: AP1Mobile in /var/www/sites/file-management/serverCalls/DownloadFrontSheet.php on line 247, referer: http://filemanagement.anp.anpsolicitors.com/Home.php?filenumber=ANT0010001
[Mon Nov 06 14:17:52.202217 2023] [php7:notice] [pid 16748] [client 192.168.5.13:53865] PHP Notice:  Undefined variable: AP2Mobile in /var/www/sites/file-management/serverCalls/DownloadFrontSheet.php on line 248, referer: http://filemanagement.anp.anpsolicitors.com/Home.php?filenumber=ANT0010001
[Mon Nov 06 14:17:52.202223 2023] [php7:notice] [pid 16748] [client 192.168.5.13:53865] PHP Notice:  Undefined variable: AP1IDCheck in /var/www/sites/file-management/serverCalls/DownloadFrontSheet.php on line 252, referer: http://filemanagement.anp.anpsolicitors.com/Home.php?filenumber=ANT0010001
[Mon Nov 06 14:17:52.202229 2023] [php7:notice] [pid 16748] [client 192.168.5.13:53865] PHP Notice:  Undefined variable: AP2IDCheck in /var/www/sites/file-management/serverCalls/DownloadFrontSheet.php on line 253, referer: http://filemanagement.anp.anpsolicitors.com/Home.php?filenumber=ANT0010001
[Mon Nov 06 14:17:52.202235 2023] [php7:notice] [pid 16748] [client 192.168.5.13:53865] PHP Notice:  Undefined variable: AP1Relationship in /var/www/sites/file-management/serverCalls/DownloadFrontSheet.php on line 257, referer: http://filemanagement.anp.anpsolicitors.com/Home.php?filenumber=ANT0010001
[Mon Nov 06 14:17:52.202241 2023] [php7:notice] [pid 16748] [client 192.168.5.13:53865] PHP Notice:  Undefined variable: AP2Relationship in /var/www/sites/file-management/serverCalls/DownloadFrontSheet.php on line 258, referer: http://filemanagement.anp.anpsolicitors.com/Home.php?filenumber=ANT0010001
[Mon Nov 06 14:17:52.202247 2023] [php7:notice] [pid 16748] [client 192.168.5.13:53865] PHP Notice:  Undefined variable: OSName in /var/www/sites/file-management/serverCalls/DownloadFrontSheet.php on line 269, referer: http://filemanagement.anp.anpsolicitors.com/Home.php?filenumber=ANT0010001
[Mon Nov 06 14:17:52.202253 2023] [php7:notice] [pid 16748] [client 192.168.5.13:53865] PHP Notice:  Undefined variable: OSAddress in /var/www/sites/file-management/serverCalls/DownloadFrontSheet.php on line 274, referer: http://filemanagement.anp.anpsolicitors.com/Home.php?filenumber=ANT0010001
[Mon Nov 06 14:17:52.202259 2023] [php7:notice] [pid 16748] [client 192.168.5.13:53865] PHP Notice:  Undefined variable: OSContactNumber in /var/www/sites/file-management/serverCalls/DownloadFrontSheet.php on line 279, referer: http://filemanagement.anp.anpsolicitors.com/Home.php?filenumber=ANT0010001
[Mon Nov 06 14:17:52.202265 2023] [php7:notice] [pid 16748] [client 192.168.5.13:53865] PHP Notice:  Undefined variable: OSEmail in /var/www/sites/file-management/serverCalls/DownloadFrontSheet.php on line 284, referer: http://filemanagement.anp.anpsolicitors.com/Home.php?filenumber=ANT0010001
[Mon Nov 06 14:17:52.202271 2023] [php7:notice] [pid 16748] [client 192.168.5.13:53865] PHP Notice:  Undefined variable: OSSolicitors in /var/www/sites/file-management/serverCalls/DownloadFrontSheet.php on line 290, referer: http://filemanagement.anp.anpsolicitors.com/Home.php?filenumber=ANT0010001
[Mon Nov 06 14:17:52.202277 2023] [php7:notice] [pid 16748] [client 192.168.5.13:53865] PHP Notice:  Undefined variable: OSSolEmail in /var/www/sites/file-management/serverCalls/DownloadFrontSheet.php on line 294, referer: http://filemanagement.anp.anpsolicitors.com/Home.php?filenumber=ANT0010001
[Mon Nov 06 15:12:03.401046 2023] [php7:warn] [pid 25242] [client 192.168.5.117:57695] PHP Warning:  Invalid argument supplied for foreach() in /var/www/sites/file-management/Home.php on line 145, referer: http://filemanagement.anp.anpsolicitors.com/index.php?searchBy=FileNumber&valToSearch=bro
[Mon Nov 06 15:12:03.401134 2023] [php7:notice] [pid 25242] [client 192.168.5.117:57695] PHP Notice:  Undefined variable: DateOfNCBARcvd in /var/www/sites/file-management/Home.php on line 387, referer: http://filemanagement.anp.anpsolicitors.com/index.php?searchBy=FileNumber&valToSearch=bro
[Mon Nov 06 16:00:32.482324 2023] [php7:warn] [pid 25237] [client 192.168.5.128:60105] PHP Warning:  Invalid argument supplied for foreach() in /var/www/sites/file-management/Home.php on line 145, referer: http://filemanagement.anp.anpsolicitors.com/index.php?searchBy=FileNumber&valToSearch=dix
[Mon Nov 06 16:00:32.482405 2023] [php7:notice] [pid 25237] [client 192.168.5.128:60105] PHP Notice:  Undefined variable: DateOfNCBARcvd in /var/www/sites/file-management/Home.php on line 387, referer: http://filemanagement.anp.anpsolicitors.com/index.php?searchBy=FileNumber&valToSearch=dix
[Mon Nov 06 16:01:23.044008 2023] [php7:notice] [pid 16744] [client 192.168.5.128:60160] PHP Notice:  Undefined variable: DateOfNCBARcvd in /var/www/sites/file-management/Home.php on line 387, referer: http://filemanagement.anp.anpsolicitors.com/OpenFilePage.php
[Mon Nov 06 16:07:16.671315 2023] [php7:warn] [pid 25240] [client 192.168.5.117:59036] PHP Warning:  Invalid argument supplied for foreach() in /var/www/sites/file-management/Home.php on line 145, referer: http://filemanagement.anp.anpsolicitors.com/index.php?searchBy=FileNumber&valToSearch=jer
[Mon Nov 06 16:07:16.671409 2023] [php7:notice] [pid 25240] [client 192.168.5.117:59036] PHP Notice:  Undefined variable: DateOfNCBARcvd in /var/www/sites/file-management/Home.php on line 387, referer: http://filemanagement.anp.anpsolicitors.com/index.php?searchBy=FileNumber&valToSearch=jer
[Mon Nov 06 16:08:06.882572 2023] [php7:warn] [pid 16747] [client 192.168.5.128:60234] PHP Warning:  Invalid argument supplied for foreach() in /var/www/sites/file-management/Home.php on line 145, referer: http://filemanagement.anp.anpsolicitors.com/index.php?searchBy=FileNumber&valToSearch=kee
[Mon Nov 06 16:08:06.882687 2023] [php7:notice] [pid 16747] [client 192.168.5.128:60234] PHP Notice:  Undefined variable: DateOfNCBARcvd in /var/www/sites/file-management/Home.php on line 387, referer: http://filemanagement.anp.anpsolicitors.com/index.php?searchBy=FileNumber&valToSearch=kee
[Mon Nov 06 16:08:10.928857 2023] [php7:notice] [pid 16747] [client 192.168.5.128:60234] PHP Notice:  Undefined index: PersonForNextWork in /var/www/sites/file-management/EditPage.php on line 921, referer: http://filemanagement.anp.anpsolicitors.com/Home.php?filenumber=KEE0030003
[Mon Nov 06 16:08:10.929019 2023] [php7:warn] [pid 16747] [client 192.168.5.128:60234] PHP Warning:  Invalid argument supplied for foreach() in /var/www/sites/file-management/EditPage.php on line 984, referer: http://filemanagement.anp.anpsolicitors.com/Home.php?filenumber=KEE0030003
[Mon Nov 06 16:09:40.771334 2023] [php7:notice] [pid 25242] [client 192.168.5.128:60254] PHP Notice:  Undefined variable: DateOfNCBARcvd in /var/www/sites/file-management/Home.php on line 387, referer: http://filemanagement.anp.anpsolicitors.com/EditPage.php?FileNumber=KEE0030003
[Mon Nov 06 16:10:11.287186 2023] [php7:notice] [pid 16745] [client 192.168.5.128:60259] PHP Notice:  Undefined index: PersonForNextWork in /var/www/sites/file-management/EditPage.php on line 921, referer: http://filemanagement.anp.anpsolicitors.com/Home.php?filenumber=KEE0030003
[Mon Nov 06 16:14:17.364316 2023] [php7:notice] [pid 25242] [client 192.168.5.128:60284] PHP Notice:  Undefined variable: DateOfNCBARcvd in /var/www/sites/file-management/Home.php on line 387, referer: http://filemanagement.anp.anpsolicitors.com/EditPage.php?FileNumber=KEE0030003
[Mon Nov 06 16:19:38.870655 2023] [php7:notice] [pid 16749] [client 192.168.5.128:60391] PHP Notice:  Undefined index: PersonForNextWork in /var/www/sites/file-management/EditPage.php on line 921, referer: http://filemanagement.anp.anpsolicitors.com/Home.php?filenumber=KEE0030003
[Mon Nov 06 16:45:41.142134 2023] [php7:warn] [pid 16744] [client 192.168.5.128:60816] PHP Warning:  Invalid argument supplied for foreach() in /var/www/sites/file-management/Home.php on line 145, referer: http://filemanagement.anp.anpsolicitors.com/index.php?searchBy=FeeEarner&valToSearch=nd
[Mon Nov 06 16:45:41.142244 2023] [php7:notice] [pid 16744] [client 192.168.5.128:60816] PHP Notice:  Undefined variable: DateOfNCBARcvd in /var/www/sites/file-management/Home.php on line 387, referer: http://filemanagement.anp.anpsolicitors.com/index.php?searchBy=FeeEarner&valToSearch=nd
[Mon Nov 06 16:45:42.185597 2023] [php7:notice] [pid 16744] [client 192.168.5.128:60816] PHP Notice:  Undefined index: PersonForNextWork in /var/www/sites/file-management/EditPage.php on line 921, referer: http://filemanagement.anp.anpsolicitors.com/Home.php?filenumber=ASS0010001
[Mon Nov 06 16:45:42.185746 2023] [php7:warn] [pid 16744] [client 192.168.5.128:60816] PHP Warning:  Invalid argument supplied for foreach() in /var/www/sites/file-management/EditPage.php on line 984, referer: http://filemanagement.anp.anpsolicitors.com/Home.php?filenumber=ASS0010001
[Mon Nov 06 16:45:55.988122 2023] [php7:notice] [pid 25242] [client 192.168.5.128:60821] PHP Notice:  Undefined variable: DateOfNCBARcvd in /var/www/sites/file-management/Home.php on line 387, referer: http://filemanagement.anp.anpsolicitors.com/EditPage.php?FileNumber=ASS0010001
[Mon Nov 06 16:46:11.967322 2023] [php7:warn] [pid 16745] [client 192.168.5.128:60859] PHP Warning:  Invalid argument supplied for foreach() in /var/www/sites/file-management/Home.php on line 145, referer: http://filemanagement.anp.anpsolicitors.com/index.php?searchBy=FeeEarner&valToSearch=nd
[Mon Nov 06 16:46:11.967373 2023] [php7:notice] [pid 16745] [client 192.168.5.128:60859] PHP Notice:  Undefined variable: DateOfNCBARcvd in /var/www/sites/file-management/Home.php on line 387, referer: http://filemanagement.anp.anpsolicitors.com/index.php?searchBy=FeeEarner&valToSearch=nd
[Mon Nov 06 16:46:13.088999 2023] [php7:notice] [pid 16745] [client 192.168.5.128:60859] PHP Notice:  Undefined index: PersonForNextWork in /var/www/sites/file-management/EditPage.php on line 921, referer: http://filemanagement.anp.anpsolicitors.com/Home.php?filenumber=BEL0040001
[Mon Nov 06 16:46:13.089153 2023] [php7:warn] [pid 16745] [client 192.168.5.128:60859] PHP Warning:  Invalid argument supplied for foreach() in /var/www/sites/file-management/EditPage.php on line 984, referer: http://filemanagement.anp.anpsolicitors.com/Home.php?filenumber=BEL0040001
[Mon Nov 06 16:47:32.201734 2023] [php7:notice] [pid 16749] [client 192.168.5.128:60883] PHP Notice:  Undefined variable: DateOfNCBARcvd in /var/www/sites/file-management/Home.php on line 387, referer: http://filemanagement.anp.anpsolicitors.com/EditPage.php?FileNumber=BEL0040001
[Mon Nov 06 16:47:40.413783 2023] [php7:warn] [pid 25377] [client 192.168.5.128:60888] PHP Warning:  Invalid argument supplied for foreach() in /var/www/sites/file-management/Home.php on line 145, referer: http://filemanagement.anp.anpsolicitors.com/index.php?searchBy=FeeEarner&valToSearch=nd
[Mon Nov 06 16:47:40.413834 2023] [php7:notice] [pid 25377] [client 192.168.5.128:60888] PHP Notice:  Undefined variable: DateOfNCBARcvd in /var/www/sites/file-management/Home.php on line 387, referer: http://filemanagement.anp.anpsolicitors.com/index.php?searchBy=FeeEarner&valToSearch=nd
[Mon Nov 06 16:47:41.487283 2023] [php7:notice] [pid 25377] [client 192.168.5.128:60888] PHP Notice:  Undefined index: PersonForNextWork in /var/www/sites/file-management/EditPage.php on line 921, referer: http://filemanagement.anp.anpsolicitors.com/Home.php?filenumber=BEN0060001
[Mon Nov 06 16:47:41.487438 2023] [php7:warn] [pid 25377] [client 192.168.5.128:60888] PHP Warning:  Invalid argument supplied for foreach() in /var/www/sites/file-management/EditPage.php on line 984, referer: http://filemanagement.anp.anpsolicitors.com/Home.php?filenumber=BEN0060001
[Mon Nov 06 16:47:50.717694 2023] [php7:notice] [pid 16748] [client 192.168.5.128:60892] PHP Notice:  Undefined variable: DateOfNCBARcvd in /var/www/sites/file-management/Home.php on line 387, referer: http://filemanagement.anp.anpsolicitors.com/EditPage.php?FileNumber=BEN0060001
[Mon Nov 06 16:48:02.645728 2023] [php7:warn] [pid 25240] [client 192.168.5.128:60901] PHP Warning:  Invalid argument supplied for foreach() in /var/www/sites/file-management/Home.php on line 145, referer: http://filemanagement.anp.anpsolicitors.com/index.php?searchBy=FeeEarner&valToSearch=nd
[Mon Nov 06 16:48:02.645838 2023] [php7:notice] [pid 25240] [client 192.168.5.128:60901] PHP Notice:  Undefined variable: DateOfNCBARcvd in /var/www/sites/file-management/Home.php on line 387, referer: http://filemanagement.anp.anpsolicitors.com/index.php?searchBy=FeeEarner&valToSearch=nd
[Mon Nov 06 16:48:03.647924 2023] [php7:notice] [pid 25240] [client 192.168.5.128:60901] PHP Notice:  Undefined index: PersonForNextWork in /var/www/sites/file-management/EditPage.php on line 921, referer: http://filemanagement.anp.anpsolicitors.com/Home.php?filenumber=BON0030001
[Mon Nov 06 16:48:03.648080 2023] [php7:warn] [pid 25240] [client 192.168.5.128:60901] PHP Warning:  Invalid argument supplied for foreach() in /var/www/sites/file-management/EditPage.php on line 984, referer: http://filemanagement.anp.anpsolicitors.com/Home.php?filenumber=BON0030001
[Mon Nov 06 16:48:40.032089 2023] [php7:notice] [pid 16747] [client 192.168.5.128:60905] PHP Notice:  Undefined variable: DateOfNCBARcvd in /var/www/sites/file-management/Home.php on line 387, referer: http://filemanagement.anp.anpsolicitors.com/EditPage.php?FileNumber=BON0030001
[Mon Nov 06 16:49:17.635829 2023] [php7:warn] [pid 25237] [client 192.168.5.128:60917] PHP Warning:  Invalid argument supplied for foreach() in /var/www/sites/file-management/Home.php on line 145, referer: http://filemanagement.anp.anpsolicitors.com/index.php?searchBy=FeeEarner&valToSearch=nd
[Mon Nov 06 16:49:17.635934 2023] [php7:notice] [pid 25237] [client 192.168.5.128:60917] PHP Notice:  Undefined variable: DateOfNCBARcvd in /var/www/sites/file-management/Home.php on line 387, referer: http://filemanagement.anp.anpsolicitors.com/index.php?searchBy=FeeEarner&valToSearch=nd
[Mon Nov 06 16:49:18.471367 2023] [php7:notice] [pid 25237] [client 192.168.5.128:60917] PHP Notice:  Undefined index: PersonForNextWork in /var/www/sites/file-management/EditPage.php on line 921, referer: http://filemanagement.anp.anpsolicitors.com/Home.php?filenumber=GIB0050001
[Mon Nov 06 16:49:18.471517 2023] [php7:warn] [pid 25237] [client 192.168.5.128:60917] PHP Warning:  Invalid argument supplied for foreach() in /var/www/sites/file-management/EditPage.php on line 984, referer: http://filemanagement.anp.anpsolicitors.com/Home.php?filenumber=GIB0050001
[Mon Nov 06 16:49:30.111992 2023] [php7:notice] [pid 16744] [client 192.168.5.128:60922] PHP Notice:  Undefined variable: DateOfNCBARcvd in /var/www/sites/file-management/Home.php on line 387, referer: http://filemanagement.anp.anpsolicitors.com/EditPage.php?FileNumber=GIB0050001
[Mon Nov 06 16:50:09.575166 2023] [php7:warn] [pid 25242] [client 192.168.5.128:60931] PHP Warning:  Invalid argument supplied for foreach() in /var/www/sites/file-management/Home.php on line 145, referer: http://filemanagement.anp.anpsolicitors.com/index.php?searchBy=FeeEarner&valToSearch=nd
[Mon Nov 06 16:50:09.575256 2023] [php7:notice] [pid 25242] [client 192.168.5.128:60931] PHP Notice:  Undefined variable: DateOfNCBARcvd in /var/www/sites/file-management/Home.php on line 387, referer: http://filemanagement.anp.anpsolicitors.com/index.php?searchBy=FeeEarner&valToSearch=nd
[Mon Nov 06 16:50:10.516545 2023] [php7:notice] [pid 25242] [client 192.168.5.128:60931] PHP Notice:  Undefined index: PersonForNextWork in /var/www/sites/file-management/EditPage.php on line 921, referer: http://filemanagement.anp.anpsolicitors.com/Home.php?filenumber=FEL0030001
[Mon Nov 06 16:50:10.516692 2023] [php7:warn] [pid 25242] [client 192.168.5.128:60931] PHP Warning:  Invalid argument supplied for foreach() in /var/www/sites/file-management/EditPage.php on line 984, referer: http://filemanagement.anp.anpsolicitors.com/Home.php?filenumber=FEL0030001
[Mon Nov 06 16:50:16.290294 2023] [php7:notice] [pid 16745] [client 192.168.5.128:60939] PHP Notice:  Undefined variable: DateOfNCBARcvd in /var/www/sites/file-management/Home.php on line 387, referer: http://filemanagement.anp.anpsolicitors.com/EditPage.php?FileNumber=FEL0030001
[Mon Nov 06 16:50:23.225076 2023] [php7:warn] [pid 25236] [client 192.168.5.128:60948] PHP Warning:  Invalid argument supplied for foreach() in /var/www/sites/file-management/Home.php on line 145, referer: http://filemanagement.anp.anpsolicitors.com/index.php?searchBy=FeeEarner&valToSearch=nd
[Mon Nov 06 16:50:23.225126 2023] [php7:notice] [pid 25236] [client 192.168.5.128:60948] PHP Notice:  Undefined variable: DateOfNCBARcvd in /var/www/sites/file-management/Home.php on line 387, referer: http://filemanagement.anp.anpsolicitors.com/index.php?searchBy=FeeEarner&valToSearch=nd
[Mon Nov 06 16:50:24.415184 2023] [php7:notice] [pid 25236] [client 192.168.5.128:60948] PHP Notice:  Undefined index: PersonForNextWork in /var/www/sites/file-management/EditPage.php on line 921, referer: http://filemanagement.anp.anpsolicitors.com/Home.php?filenumber=HAD0030001
[Mon Nov 06 16:50:24.415332 2023] [php7:warn] [pid 25236] [client 192.168.5.128:60948] PHP Warning:  Invalid argument supplied for foreach() in /var/www/sites/file-management/EditPage.php on line 984, referer: http://filemanagement.anp.anpsolicitors.com/Home.php?filenumber=HAD0030001
[Mon Nov 06 16:50:58.404756 2023] [php7:notice] [pid 16749] [client 192.168.5.128:60951] PHP Notice:  Undefined variable: DateOfNCBARcvd in /var/www/sites/file-management/Home.php on line 387, referer: http://filemanagement.anp.anpsolicitors.com/EditPage.php?FileNumber=HAD0030001
[Mon Nov 06 16:58:38.378390 2023] [php7:warn] [pid 16748] [client 192.168.5.128:61016] PHP Warning:  Invalid argument supplied for foreach() in /var/www/sites/file-management/Home.php on line 145, referer: http://filemanagement.anp.anpsolicitors.com/index.php?searchBy=FeeEarner&valToSearch=nd
[Mon Nov 06 16:58:38.378492 2023] [php7:notice] [pid 16748] [client 192.168.5.128:61016] PHP Notice:  Undefined variable: DateOfNCBARcvd in /var/www/sites/file-management/Home.php on line 387, referer: http://filemanagement.anp.anpsolicitors.com/index.php?searchBy=FeeEarner&valToSearch=nd
[Mon Nov 06 16:58:39.432310 2023] [php7:notice] [pid 16748] [client 192.168.5.128:61016] PHP Notice:  Undefined index: PersonForNextWork in /var/www/sites/file-management/EditPage.php on line 921, referer: http://filemanagement.anp.anpsolicitors.com/Home.php?filenumber=LEW0030005
[Mon Nov 06 16:58:39.432467 2023] [php7:warn] [pid 16748] [client 192.168.5.128:61016] PHP Warning:  Invalid argument supplied for foreach() in /var/www/sites/file-management/EditPage.php on line 984, referer: http://filemanagement.anp.anpsolicitors.com/Home.php?filenumber=LEW0030005
[Mon Nov 06 16:58:51.380120 2023] [php7:notice] [pid 25240] [client 192.168.5.128:61021] PHP Notice:  Undefined variable: DateOfNCBARcvd in /var/www/sites/file-management/Home.php on line 387, referer: http://filemanagement.anp.anpsolicitors.com/EditPage.php?FileNumber=LEW0030005
[Mon Nov 06 16:59:10.023055 2023] [php7:warn] [pid 16747] [client 192.168.5.128:61032] PHP Warning:  Invalid argument supplied for foreach() in /var/www/sites/file-management/Home.php on line 145, referer: http://filemanagement.anp.anpsolicitors.com/index.php?searchBy=FeeEarner&valToSearch=nd
[Mon Nov 06 16:59:10.023149 2023] [php7:notice] [pid 16747] [client 192.168.5.128:61032] PHP Notice:  Undefined variable: DateOfNCBARcvd in /var/www/sites/file-management/Home.php on line 387, referer: http://filemanagement.anp.anpsolicitors.com/index.php?searchBy=FeeEarner&valToSearch=nd
[Mon Nov 06 16:59:11.348929 2023] [php7:notice] [pid 16747] [client 192.168.5.128:61032] PHP Notice:  Undefined index: PersonForNextWork in /var/www/sites/file-management/EditPage.php on line 921, referer: http://filemanagement.anp.anpsolicitors.com/Home.php?filenumber=LIN0030001
[Mon Nov 06 16:59:11.349092 2023] [php7:warn] [pid 16747] [client 192.168.5.128:61032] PHP Warning:  Invalid argument supplied for foreach() in /var/www/sites/file-management/EditPage.php on line 984, referer: http://filemanagement.anp.anpsolicitors.com/Home.php?filenumber=LIN0030001
[Mon Nov 06 16:59:29.372856 2023] [php7:notice] [pid 25237] [client 192.168.5.128:61037] PHP Notice:  Undefined variable: DateOfNCBARcvd in /var/www/sites/file-management/Home.php on line 387, referer: http://filemanagement.anp.anpsolicitors.com/EditPage.php?FileNumber=LIN0030001
[Mon Nov 06 16:59:41.315119 2023] [php7:warn] [pid 16744] [client 192.168.5.128:61044] PHP Warning:  Invalid argument supplied for foreach() in /var/www/sites/file-management/Home.php on line 145, referer: http://filemanagement.anp.anpsolicitors.com/index.php?searchBy=FeeEarner&valToSearch=nd
[Mon Nov 06 16:59:41.315211 2023] [php7:notice] [pid 16744] [client 192.168.5.128:61044] PHP Notice:  Undefined variable: DateOfNCBARcvd in /var/www/sites/file-management/Home.php on line 387, referer: http://filemanagement.anp.anpsolicitors.com/index.php?searchBy=FeeEarner&valToSearch=nd
[Mon Nov 06 16:59:42.775536 2023] [php7:notice] [pid 16744] [client 192.168.5.128:61044] PHP Notice:  Undefined index: PersonForNextWork in /var/www/sites/file-management/EditPage.php on line 921, referer: http://filemanagement.anp.anpsolicitors.com/Home.php?filenumber=MCM0030001
[Mon Nov 06 16:59:42.775685 2023] [php7:warn] [pid 16744] [client 192.168.5.128:61044] PHP Warning:  Invalid argument supplied for foreach() in /var/www/sites/file-management/EditPage.php on line 984, referer: http://filemanagement.anp.anpsolicitors.com/Home.php?filenumber=MCM0030001
[Mon Nov 06 17:00:50.993367 2023] [php7:notice] [pid 16745] [client 192.168.5.128:61074] PHP Notice:  Undefined variable: DateOfNCBARcvd in /var/www/sites/file-management/Home.php on line 387, referer: http://filemanagement.anp.anpsolicitors.com/EditPage.php?FileNumber=MCM0030001
[Mon Nov 06 17:01:05.466705 2023] [php7:warn] [pid 25236] [client 192.168.5.128:61075] PHP Warning:  Invalid argument supplied for foreach() in /var/www/sites/file-management/Home.php on line 145, referer: http://filemanagement.anp.anpsolicitors.com/index.php?searchBy=FeeEarner&valToSearch=nd
